// Jest Snapshot v1, https://goo.gl/fbAQLP

exports[`AddItems render the text inside it 1`] = `ShallowWrapper {}`;

exports[`render AddItems component 1`] = `ShallowWrapper {}`;
