// Jest Snapshot v1, https://goo.gl/fbAQLP

exports[`render choose component 1`] = `ShallowWrapper {}`;

exports[`render listWrap component 1`] = `ShallowWrapper {}`;
